[custom_lint] 2026-07-25T00:30:51.116618 Unhandled exception:
[custom_lint] 2026-07-25T00:30:51.116618 SocketException: Connection timed out (OS Error: Connection timed out, errno = 110), address = ::1, port = 45452
[custom_lint] 2026-07-25T00:30:51.116618 #0      _NativeSocket.startConnect (dart:io-patch/socket_patch.dart:817:35)
[custom_lint] 2026-07-25T00:30:51.116618 #1      _NativeSocket.connect (dart:io-patch/socket_patch.dart:1142:12)
[custom_lint] 2026-07-25T00:30:51.116618 #2      _RawSocket.connect (dart:io-patch/socket_patch.dart:2256:26)
[custom_lint] 2026-07-25T00:30:51.116618 #3      RawSocket.connect (dart:io-patch/socket_patch.dart:31:23)
[custom_lint] 2026-07-25T00:30:51.116618 #4      Socket._connect (dart:io-patch/socket_patch.dart:2526:22)
[custom_lint] 2026-07-25T00:30:51.116618 #5      Socket.connect (dart:io/socket.dart:869:21)
[custom_lint] 2026-07-25T00:30:51.116618 #6      runSocket.<anonymous closure>.<anonymous closure> (package:custom_lint_builder/src/channel.dart:69:35)
[custom_lint] 2026-07-25T00:30:51.116618 #7      new Future.<anonymous closure> (dart:async/future.dart:260:40)
[custom_lint] 2026-07-25T00:30:51.116618 #8      _rootRun (dart:async/zone_root.dart:27:47)
[custom_lint] 2026-07-25T00:30:51.116618 #9      _CustomZone.run (dart:async/zone.dart:726:19)
[custom_lint] 2026-07-25T00:30:51.116618 #10     _CustomZone.runGuarded (dart:async/zone.dart:625:7)
[custom_lint] 2026-07-25T00:30:51.116618 #11     _CustomZone.bindCallbackGuarded.<anonymous closure> (dart:async/zone.dart:666:23)
[custom_lint] 2026-07-25T00:30:51.116618 #12     _rootRun (dart:async/zone_root.dart:35:13)
[custom_lint] 2026-07-25T00:30:51.116618 #13     _CustomZone.run (dart:async/zone.dart:726:19)
[custom_lint] 2026-07-25T00:30:51.116618 #14     _CustomZone.bindCallback.<anonymous closure> (dart:async/zone.dart:649:23)
[custom_lint] 2026-07-25T00:30:51.116618 #15     Timer._createTimer.<anonymous closure> (dart:async-patch/timer_patch.dart:18:15)
[custom_lint] 2026-07-25T00:30:51.116618 #16     _Timer._runTimers (dart:isolate-patch/timer_impl.dart:423:19)
[custom_lint] 2026-07-25T00:30:51.116618 #17     _Timer._handleMessage (dart:isolate-patch/timer_impl.dart:454:5)
[custom_lint] 2026-07-25T00:30:51.116618 #18     _RawReceivePort._handleMessage (dart:isolate-patch/isolate_patch.dart:193:12)
[custom_lint] 2026-07-25T00:30:51.116618
[custom_lint] 2026-07-25T00:30:51.116618
Failed to start pluginsThe request analysis.setContextRoots failed with the following error:
RequestErrorCode.PLUGIN_ERROR
Bad state: Failed to start the plugins.
at:
#0      SocketCustomLintServerToClientChannel._checkInitializationFail.<anonymous closure> (package:custom_lint/src/v2/server_to_client_channel.dart:223)
<asynchronous suspension>
#1      Future.any.onValue (dart:async/future.dart:637)
<asynchronous suspension>

